Command line invocation:
    /Applications/Xcode.app/Contents/Developer/usr/bin/xcodebuild -project DeskRun.xcodeproj -scheme DeskRun -configuration Debug build CODE_SIGN_IDENTITY=- DEVELOPMENT_TEAM=

Build settings from command line:
    CODE_SIGN_IDENTITY = -
    DEVELOPMENT_TEAM = 

--- xcodebuild: WARNING: Using the first of multiple matching destinations:
{ platform:macOS, arch:arm64, id:00008132-0019719E3405801C, name:My Mac }
{ platform:macOS, arch:x86_64, id:00008132-0019719E3405801C, name:My Mac }
{ platform:macOS, name:Any Mac }
note: Using codesigning identity override: -
ComputePackagePrebuildTargetDependencyGraph

Prepare packages

CreateBuildRequest

SendProjectDescription

CreateBuildOperation

ComputeTargetDependencyGraph
note: Building targets in dependency order
note: Target dependency graph (1 target)
    Target 'DeskRun' in project 'DeskRun' (no dependencies)

GatherProvisioningInputs

CreateBuildDescription

ExecuteExternalTool /Applications/Xcode.app/Contents/Developer/Toolchains/XcodeDefault.xctoolchain/usr/bin/clang -v -E -dM -isysroot /Applications/Xcode.app/Contents/Developer/Platforms/MacOSX.platform/Developer/SDKs/MacOSX26.4.sdk -x c -c /dev/null

ExecuteExternalTool /Applications/Xcode.app/Contents/Developer/usr/bin/actool --version --output-format xml1

ExecuteExternalTool /Applications/Xcode.app/Contents/Developer/Toolchains/XcodeDefault.xctoolchain/usr/bin/swiftc --version

ExecuteExternalTool /Applications/Xcode.app/Contents/Developer/Toolchains/XcodeDefault.xctoolchain/usr/bin/ld -version_details

Build description signature: eb4836e042df6370dd66ca9e07403dc8
Build description path: /Users/travisehrenstrom/Library/Developer/Xcode/DerivedData/DeskRun-gyyutcvpwdjwimduwvxruztppgsz/Build/Intermediates.noindex/XCBuildData/eb4836e042df6370dd66ca9e07403dc8.xcbuilddata
ClangStatCache /Applications/Xcode.app/Contents/Developer/Toolchains/XcodeDefault.xctoolchain/usr/bin/clang-stat-cache /Applications/Xcode.app/Contents/Developer/Platforms/MacOSX.platform/Developer/SDKs/MacOSX26.4.sdk /Users/travisehrenstrom/Library/Developer/Xcode/DerivedData/SDKStatCaches.noindex/macosx26.4-25E251-30f9ca8789b706f8bd3fc906a70d770f.sdkstatcache
    cd /Users/travisehrenstrom/Developer/DeskRun/DeskRun.xcodeproj
    /Applications/Xcode.app/Contents/Developer/Toolchains/XcodeDefault.xctoolchain/usr/bin/clang-stat-cache /Applications/Xcode.app/Contents/Developer/Platforms/MacOSX.platform/Developer/SDKs/MacOSX26.4.sdk -o /Users/travisehrenstrom/Library/Developer/Xcode/DerivedData/SDKStatCaches.noindex/macosx26.4-25E251-30f9ca8789b706f8bd3fc906a70d770f.sdkstatcache

SwiftDriver DeskRun normal arm64 com.apple.xcode.tools.swift.compiler (in target 'DeskRun' from project 'DeskRun')
    cd /Users/travisehrenstrom/Developer/DeskRun
    builtin-SwiftDriver -- /Applications/Xcode.app/Contents/Developer/Toolchains/XcodeDefault.xctoolchain/usr/bin/swiftc -module-name DeskRun -Onone @/Users/travisehrenstrom/Library/Developer/Xcode/DerivedData/DeskRun-gyyutcvpwdjwimduwvxruztppgsz/Build/Intermediates.noindex/DeskRun.build/Debug/DeskRun.build/Objects-normal/arm64/DeskRun.SwiftFileList -DDEBUG -enable-bare-slash-regex -enable-experimental-feature DebugDescriptionMacro -sdk /Applications/Xcode.app/Contents/Developer/Platforms/MacOSX.platform/Developer/SDKs/MacOSX26.4.sdk -target arm64-apple-macos14.0 -g -module-cache-path /Users/travisehrenstrom/Library/Developer/Xcode/DerivedData/ModuleCache.noindex -Xfrontend -serialize-debugging-options -enable-testing -index-store-path /Users/travisehrenstrom/Library/Developer/Xcode/DerivedData/DeskRun-gyyutcvpwdjwimduwvxruztppgsz/Index.noindex/DataStore -Xcc -D_LIBCPP_HARDENING_MODE\=_LIBCPP_HARDENING_MODE_DEBUG -swift-version 5 -I /Users/travisehrenstrom/Library/Developer/Xcode/DerivedData/DeskRun-gyyutcvpwdjwimduwvxruztppgsz/Build/Products/Debug -F /Users/travisehrenstrom/Library/Developer/Xcode/DerivedData/DeskRun-gyyutcvpwdjwimduwvxruztppgsz/Build/Products/Debug -emit-localized-strings -emit-localized-strings-path /Users/travisehrenstrom/Library/Developer/Xcode/DerivedData/DeskRun-gyyutcvpwdjwimduwvxruztppgsz/Build/Intermediates.noindex/DeskRun.build/Debug/DeskRun.build/Objects-normal/arm64 -c -j10 -enable-batch-mode -incremental -Xcc -ivfsstatcache -Xcc /Users/travisehrenstrom/Library/Developer/Xcode/DerivedData/SDKStatCaches.noindex/macosx26.4-25E251-30f9ca8789b706f8bd3fc906a70d770f.sdkstatcache -output-file-map /Users/travisehrenstrom/Library/Developer/Xcode/DerivedData/DeskRun-gyyutcvpwdjwimduwvxruztppgsz/Build/Intermediates.noindex/DeskRun.build/Debug/DeskRun.build/Objects-normal/arm64/DeskRun-OutputFileMap.json -use-frontend-parseable-output -save-temps -no-color-diagnostics -explicit-module-build -module-cache-path /Users/travisehrenstrom/Library/Developer/Xcode/DerivedData/DeskRun-gyyutcvpwdjwimduwvxruztppgsz/Build/Intermediates.noindex/SwiftExplicitPrecompiledModules -clang-scanner-module-cache-path /Users/travisehrenstrom/Library/Developer/Xcode/DerivedData/ModuleCache.noindex -sdk-module-cache-path /Users/travisehrenstrom/Library/Developer/Xcode/DerivedData/ModuleCache.noindex -serialize-diagnostics -emit-dependencies -emit-module -emit-module-path /Users/travisehrenstrom/Library/Developer/Xcode/DerivedData/DeskRun-gyyutcvpwdjwimduwvxruztppgsz/Build/Intermediates.noindex/DeskRun.build/Debug/DeskRun.build/Objects-normal/arm64/DeskRun.swiftmodule -validate-clang-modules-once -clang-build-session-file /Users/travisehrenstrom/Library/Developer/Xcode/DerivedData/ModuleCache.noindex/Session.modulevalidation -Xcc -I/Users/travisehrenstrom/Library/Developer/Xcode/DerivedData/DeskRun-gyyutcvpwdjwimduwvxruztppgsz/Build/Intermediates.noindex/DeskRun.build/Debug/DeskRun.build/swift-overrides.hmap -emit-const-values -Xfrontend -const-gather-protocols-file -Xfrontend /Users/travisehrenstrom/Library/Developer/Xcode/DerivedData/DeskRun-gyyutcvpwdjwimduwvxruztppgsz/Build/Intermediates.noindex/DeskRun.build/Debug/DeskRun.build/Objects-normal/arm64/DeskRun_const_extract_protocols.json -Xcc -iquote -Xcc /Users/travisehrenstrom/Library/Developer/Xcode/DerivedData/DeskRun-gyyutcvpwdjwimduwvxruztppgsz/Build/Intermediates.noindex/DeskRun.build/Debug/DeskRun.build/DeskRun-generated-files.hmap -Xcc -I/Users/travisehrenstrom/Library/Developer/Xcode/DerivedData/DeskRun-gyyutcvpwdjwimduwvxruztppgsz/Build/Intermediates.noindex/DeskRun.build/Debug/DeskRun.build/DeskRun-own-target-headers.hmap -Xcc -I/Users/travisehrenstrom/Library/Developer/Xcode/DerivedData/DeskRun-gyyutcvpwdjwimduwvxruztppgsz/Build/Intermediates.noindex/DeskRun.build/Debug/DeskRun.build/DeskRun-all-target-headers.hmap -Xcc -iquote -Xcc /Users/travisehrenstrom/Library/Developer/Xcode/DerivedData/DeskRun-gyyutcvpwdjwimduwvxruztppgsz/Build/Intermediates.noindex/DeskRun.build/Debug/DeskRun.build/DeskRun-project-headers.hmap -Xcc -I/Users/travisehrenstrom/Library/Developer/Xcode/DerivedData/DeskRun-gyyutcvpwdjwimduwvxruztppgsz/Build/Products/Debug/include -Xcc -I/Users/travisehrenstrom/Library/Developer/Xcode/DerivedData/DeskRun-gyyutcvpwdjwimduwvxruztppgsz/Build/Intermediates.noindex/DeskRun.build/Debug/DeskRun.build/DerivedSources-normal/arm64 -Xcc -I/Users/travisehrenstrom/Library/Developer/Xcode/DerivedData/DeskRun-gyyutcvpwdjwimduwvxruztppgsz/Build/Intermediates.noindex/DeskRun.build/Debug/DeskRun.build/DerivedSources/arm64 -Xcc -I/Users/travisehrenstrom/Library/Developer/Xcode/DerivedData/DeskRun-gyyutcvpwdjwimduwvxruztppgsz/Build/Intermediates.noindex/DeskRun.build/Debug/DeskRun.build/DerivedSources -Xcc -DDEBUG\=1 -emit-objc-header -emit-objc-header-path /Users/travisehrenstrom/Library/Developer/Xcode/DerivedData/DeskRun-gyyutcvpwdjwimduwvxruztppgsz/Build/Intermediates.noindex/DeskRun.build/Debug/DeskRun.build/Objects-normal/arm64/DeskRun-Swift.h -working-directory /Users/travisehrenstrom/Developer/DeskRun -experimental-emit-module-separately -disable-cmo

SwiftCompile normal arm64 Compiling\ MenuBarView.swift /Users/travisehrenstrom/Developer/DeskRun/DeskRun/Views/MenuBarView.swift (in target 'DeskRun' from project 'DeskRun')

SwiftCompile normal arm64 /Users/travisehrenstrom/Developer/DeskRun/DeskRun/Views/MenuBarView.swift (in target 'DeskRun' from project 'DeskRun')
    cd /Users/travisehrenstrom/Developer/DeskRun
    

SwiftEmitModule normal arm64 Emitting\ module\ for\ DeskRun (in target 'DeskRun' from project 'DeskRun')

EmitSwiftModule normal arm64 (in target 'DeskRun' from project 'DeskRun')
    cd /Users/travisehrenstrom/Developer/DeskRun
    

SwiftDriverJobDiscovery normal arm64 Emitting module for DeskRun (in target 'DeskRun' from project 'DeskRun')

SwiftDriver\ Compilation\ Requirements DeskRun normal arm64 com.apple.xcode.tools.swift.compiler (in target 'DeskRun' from project 'DeskRun')
    cd /Users/travisehrenstrom/Developer/DeskRun
    builtin-Swift-Compilation-Requirements -- /Applications/Xcode.app/Contents/Developer/Toolchains/XcodeDefault.xctoolchain/usr/bin/swiftc -module-name DeskRun -Onone @/Users/travisehrenstrom/Library/Developer/Xcode/DerivedData/DeskRun-gyyutcvpwdjwimduwvxruztppgsz/Build/Intermediates.noindex/DeskRun.build/Debug/DeskRun.build/Objects-normal/arm64/DeskRun.SwiftFileList -DDEBUG -enable-bare-slash-regex -enable-experimental-feature DebugDescriptionMacro -sdk /Applications/Xcode.app/Contents/Developer/Platforms/MacOSX.platform/Developer/SDKs/MacOSX26.4.sdk -target arm64-apple-macos14.0 -g -module-cache-path /Users/travisehrenstrom/Library/Developer/Xcode/DerivedData/ModuleCache.noindex -Xfrontend -serialize-debugging-options -enable-testing -index-store-path /Users/travisehrenstrom/Library/Developer/Xcode/DerivedData/DeskRun-gyyutcvpwdjwimduwvxruztppgsz/Index.noindex/DataStore -Xcc -D_LIBCPP_HARDENING_MODE\=_LIBCPP_HARDENING_MODE_DEBUG -swift-version 5 -I /Users/travisehrenstrom/Library/Developer/Xcode/DerivedData/DeskRun-gyyutcvpwdjwimduwvxruztppgsz/Build/Products/Debug -F /Users/travisehrenstrom/Library/Developer/Xcode/DerivedData/DeskRun-gyyutcvpwdjwimduwvxruztppgsz/Build/Products/Debug -emit-localized-strings -emit-localized-strings-path /Users/travisehrenstrom/Library/Developer/Xcode/DerivedData/DeskRun-gyyutcvpwdjwimduwvxruztppgsz/Build/Intermediates.noindex/DeskRun.build/Debug/DeskRun.build/Objects-normal/arm64 -c -j10 -enable-batch-mode -incremental -Xcc -ivfsstatcache -Xcc /Users/travisehrenstrom/Library/Developer/Xcode/DerivedData/SDKStatCaches.noindex/macosx26.4-25E251-30f9ca8789b706f8bd3fc906a70d770f.sdkstatcache -output-file-map /Users/travisehrenstrom/Library/Developer/Xcode/DerivedData/DeskRun-gyyutcvpwdjwimduwvxruztppgsz/Build/Intermediates.noindex/DeskRun.build/Debug/DeskRun.build/Objects-normal/arm64/DeskRun-OutputFileMap.json -use-frontend-parseable-output -save-temps -no-color-diagnostics -explicit-module-build -module-cache-path /Users/travisehrenstrom/Library/Developer/Xcode/DerivedData/DeskRun-gyyutcvpwdjwimduwvxruztppgsz/Build/Intermediates.noindex/SwiftExplicitPrecompiledModules -clang-scanner-module-cache-path /Users/travisehrenstrom/Library/Developer/Xcode/DerivedData/ModuleCache.noindex -sdk-module-cache-path /Users/travisehrenstrom/Library/Developer/Xcode/DerivedData/ModuleCache.noindex -serialize-diagnostics -emit-dependencies -emit-module -emit-module-path /Users/travisehrenstrom/Library/Developer/Xcode/DerivedData/DeskRun-gyyutcvpwdjwimduwvxruztppgsz/Build/Intermediates.noindex/DeskRun.build/Debug/DeskRun.build/Objects-normal/arm64/DeskRun.swiftmodule -validate-clang-modules-once -clang-build-session-file /Users/travisehrenstrom/Library/Developer/Xcode/DerivedData/ModuleCache.noindex/Session.modulevalidation -Xcc -I/Users/travisehrenstrom/Library/Developer/Xcode/DerivedData/DeskRun-gyyutcvpwdjwimduwvxruztppgsz/Build/Intermediates.noindex/DeskRun.build/Debug/DeskRun.build/swift-overrides.hmap -emit-const-values -Xfrontend -const-gather-protocols-file -Xfrontend /Users/travisehrenstrom/Library/Developer/Xcode/DerivedData/DeskRun-gyyutcvpwdjwimduwvxruztppgsz/Build/Intermediates.noindex/DeskRun.build/Debug/DeskRun.build/Objects-normal/arm64/DeskRun_const_extract_protocols.json -Xcc -iquote -Xcc /Users/travisehrenstrom/Library/Developer/Xcode/DerivedData/DeskRun-gyyutcvpwdjwimduwvxruztppgsz/Build/Intermediates.noindex/DeskRun.build/Debug/DeskRun.build/DeskRun-generated-files.hmap -Xcc -I/Users/travisehrenstrom/Library/Developer/Xcode/DerivedData/DeskRun-gyyutcvpwdjwimduwvxruztppgsz/Build/Intermediates.noindex/DeskRun.build/Debug/DeskRun.build/DeskRun-own-target-headers.hmap -Xcc -I/Users/travisehrenstrom/Library/Developer/Xcode/DerivedData/DeskRun-gyyutcvpwdjwimduwvxruztppgsz/Build/Intermediates.noindex/DeskRun.build/Debug/DeskRun.build/DeskRun-all-target-headers.hmap -Xcc -iquote -Xcc /Users/travisehrenstrom/Library/Developer/Xcode/DerivedData/DeskRun-gyyutcvpwdjwimduwvxruztppgsz/Build/Intermediates.noindex/DeskRun.build/Debug/DeskRun.build/DeskRun-project-headers.hmap -Xcc -I/Users/travisehrenstrom/Library/Developer/Xcode/DerivedData/DeskRun-gyyutcvpwdjwimduwvxruztppgsz/Build/Products/Debug/include -Xcc -I/Users/travisehrenstrom/Library/Developer/Xcode/DerivedData/DeskRun-gyyutcvpwdjwimduwvxruztppgsz/Build/Intermediates.noindex/DeskRun.build/Debug/DeskRun.build/DerivedSources-normal/arm64 -Xcc -I/Users/travisehrenstrom/Library/Developer/Xcode/DerivedData/DeskRun-gyyutcvpwdjwimduwvxruztppgsz/Build/Intermediates.noindex/DeskRun.build/Debug/DeskRun.build/DerivedSources/arm64 -Xcc -I/Users/travisehrenstrom/Library/Developer/Xcode/DerivedData/DeskRun-gyyutcvpwdjwimduwvxruztppgsz/Build/Intermediates.noindex/DeskRun.build/Debug/DeskRun.build/DerivedSources -Xcc -DDEBUG\=1 -emit-objc-header -emit-objc-header-path /Users/travisehrenstrom/Library/Developer/Xcode/DerivedData/DeskRun-gyyutcvpwdjwimduwvxruztppgsz/Build/Intermediates.noindex/DeskRun.build/Debug/DeskRun.build/Objects-normal/arm64/DeskRun-Swift.h -working-directory /Users/travisehrenstrom/Developer/DeskRun -experimental-emit-module-separately -disable-cmo

Copy /Users/travisehrenstrom/Library/Developer/Xcode/DerivedData/DeskRun-gyyutcvpwdjwimduwvxruztppgsz/Build/Products/Debug/DeskRun.swiftmodule/arm64-apple-macos.abi.json /Users/travisehrenstrom/Library/Developer/Xcode/DerivedData/DeskRun-gyyutcvpwdjwimduwvxruztppgsz/Build/Intermediates.noindex/DeskRun.build/Debug/DeskRun.build/Objects-normal/arm64/DeskRun.abi.json (in target 'DeskRun' from project 'DeskRun')
    cd /Users/travisehrenstrom/Developer/DeskRun
    builtin-copy -exclude .DS_Store -exclude CVS -exclude .svn -exclude .git -exclude .hg -resolve-src-symlinks -rename /Users/travisehrenstrom/Library/Developer/Xcode/DerivedData/DeskRun-gyyutcvpwdjwimduwvxruztppgsz/Build/Intermediates.noindex/DeskRun.build/Debug/DeskRun.build/Objects-normal/arm64/DeskRun.abi.json /Users/travisehrenstrom/Library/Developer/Xcode/DerivedData/DeskRun-gyyutcvpwdjwimduwvxruztppgsz/Build/Products/Debug/DeskRun.swiftmodule/arm64-apple-macos.abi.json

Copy /Users/travisehrenstrom/Library/Developer/Xcode/DerivedData/DeskRun-gyyutcvpwdjwimduwvxruztppgsz/Build/Products/Debug/DeskRun.swiftmodule/Project/arm64-apple-macos.swiftsourceinfo /Users/travisehrenstrom/Library/Developer/Xcode/DerivedData/DeskRun-gyyutcvpwdjwimduwvxruztppgsz/Build/Intermediates.noindex/DeskRun.build/Debug/DeskRun.build/Objects-normal/arm64/DeskRun.swiftsourceinfo (in target 'DeskRun' from project 'DeskRun')
    cd /Users/travisehrenstrom/Developer/DeskRun
    builtin-copy -exclude .DS_Store -exclude CVS -exclude .svn -exclude .git -exclude .hg -resolve-src-symlinks -rename /Users/travisehrenstrom/Library/Developer/Xcode/DerivedData/DeskRun-gyyutcvpwdjwimduwvxruztppgsz/Build/Intermediates.noindex/DeskRun.build/Debug/DeskRun.build/Objects-normal/arm64/DeskRun.swiftsourceinfo /Users/travisehrenstrom/Library/Developer/Xcode/DerivedData/DeskRun-gyyutcvpwdjwimduwvxruztppgsz/Build/Products/Debug/DeskRun.swiftmodule/Project/arm64-apple-macos.swiftsourceinfo

SwiftDriverJobDiscovery normal arm64 Compiling MenuBarView.swift (in target 'DeskRun' from project 'DeskRun')

SwiftCompile normal arm64 Compiling\ DeskRunApp.swift /Users/travisehrenstrom/Developer/DeskRun/DeskRun/DeskRunApp.swift (in target 'DeskRun' from project 'DeskRun')

SwiftCompile normal arm64 /Users/travisehrenstrom/Developer/DeskRun/DeskRun/DeskRunApp.swift (in target 'DeskRun' from project 'DeskRun')
    cd /Users/travisehrenstrom/Developer/DeskRun
    

SwiftDriverJobDiscovery normal arm64 Compiling DeskRunApp.swift (in target 'DeskRun' from project 'DeskRun')

SwiftDriver\ Compilation DeskRun normal arm64 com.apple.xcode.tools.swift.compiler (in target 'DeskRun' from project 'DeskRun')
    cd /Users/travisehrenstrom/Developer/DeskRun
    builtin-Swift-Compilation -- /Applications/Xcode.app/Contents/Developer/Toolchains/XcodeDefault.xctoolchain/usr/bin/swiftc -module-name DeskRun -Onone @/Users/travisehrenstrom/Library/Developer/Xcode/DerivedData/DeskRun-gyyutcvpwdjwimduwvxruztppgsz/Build/Intermediates.noindex/DeskRun.build/Debug/DeskRun.build/Objects-normal/arm64/DeskRun.SwiftFileList -DDEBUG -enable-bare-slash-regex -enable-experimental-feature DebugDescriptionMacro -sdk /Applications/Xcode.app/Contents/Developer/Platforms/MacOSX.platform/Developer/SDKs/MacOSX26.4.sdk -target arm64-apple-macos14.0 -g -module-cache-path /Users/travisehrenstrom/Library/Developer/Xcode/DerivedData/ModuleCache.noindex -Xfrontend -serialize-debugging-options -enable-testing -index-store-path /Users/travisehrenstrom/Library/Developer/Xcode/DerivedData/DeskRun-gyyutcvpwdjwimduwvxruztppgsz/Index.noindex/DataStore -Xcc -D_LIBCPP_HARDENING_MODE\=_LIBCPP_HARDENING_MODE_DEBUG -swift-version 5 -I /Users/travisehrenstrom/Library/Developer/Xcode/DerivedData/DeskRun-gyyutcvpwdjwimduwvxruztppgsz/Build/Products/Debug -F /Users/travisehrenstrom/Library/Developer/Xcode/DerivedData/DeskRun-gyyutcvpwdjwimduwvxruztppgsz/Build/Products/Debug -emit-localized-strings -emit-localized-strings-path /Users/travisehrenstrom/Library/Developer/Xcode/DerivedData/DeskRun-gyyutcvpwdjwimduwvxruztppgsz/Build/Intermediates.noindex/DeskRun.build/Debug/DeskRun.build/Objects-normal/arm64 -c -j10 -enable-batch-mode -incremental -Xcc -ivfsstatcache -Xcc /Users/travisehrenstrom/Library/Developer/Xcode/DerivedData/SDKStatCaches.noindex/macosx26.4-25E251-30f9ca8789b706f8bd3fc906a70d770f.sdkstatcache -output-file-map /Users/travisehrenstrom/Library/Developer/Xcode/DerivedData/DeskRun-gyyutcvpwdjwimduwvxruztppgsz/Build/Intermediates.noindex/DeskRun.build/Debug/DeskRun.build/Objects-normal/arm64/DeskRun-OutputFileMap.json -use-frontend-parseable-output -save-temps -no-color-diagnostics -explicit-module-build -module-cache-path /Users/travisehrenstrom/Library/Developer/Xcode/DerivedData/DeskRun-gyyutcvpwdjwimduwvxruztppgsz/Build/Intermediates.noindex/SwiftExplicitPrecompiledModules -clang-scanner-module-cache-path /Users/travisehrenstrom/Library/Developer/Xcode/DerivedData/ModuleCache.noindex -sdk-module-cache-path /Users/travisehrenstrom/Library/Developer/Xcode/DerivedData/ModuleCache.noindex -serialize-diagnostics -emit-dependencies -emit-module -emit-module-path /Users/travisehrenstrom/Library/Developer/Xcode/DerivedData/DeskRun-gyyutcvpwdjwimduwvxruztppgsz/Build/Intermediates.noindex/DeskRun.build/Debug/DeskRun.build/Objects-normal/arm64/DeskRun.swiftmodule -validate-clang-modules-once -clang-build-session-file /Users/travisehrenstrom/Library/Developer/Xcode/DerivedData/ModuleCache.noindex/Session.modulevalidation -Xcc -I/Users/travisehrenstrom/Library/Developer/Xcode/DerivedData/DeskRun-gyyutcvpwdjwimduwvxruztppgsz/Build/Intermediates.noindex/DeskRun.build/Debug/DeskRun.build/swift-overrides.hmap -emit-const-values -Xfrontend -const-gather-protocols-file -Xfrontend /Users/travisehrenstrom/Library/Developer/Xcode/DerivedData/DeskRun-gyyutcvpwdjwimduwvxruztppgsz/Build/Intermediates.noindex/DeskRun.build/Debug/DeskRun.build/Objects-normal/arm64/DeskRun_const_extract_protocols.json -Xcc -iquote -Xcc /Users/travisehrenstrom/Library/Developer/Xcode/DerivedData/DeskRun-gyyutcvpwdjwimduwvxruztppgsz/Build/Intermediates.noindex/DeskRun.build/Debug/DeskRun.build/DeskRun-generated-files.hmap -Xcc -I/Users/travisehrenstrom/Library/Developer/Xcode/DerivedData/DeskRun-gyyutcvpwdjwimduwvxruztppgsz/Build/Intermediates.noindex/DeskRun.build/Debug/DeskRun.build/DeskRun-own-target-headers.hmap -Xcc -I/Users/travisehrenstrom/Library/Developer/Xcode/DerivedData/DeskRun-gyyutcvpwdjwimduwvxruztppgsz/Build/Intermediates.noindex/DeskRun.build/Debug/DeskRun.build/DeskRun-all-target-headers.hmap -Xcc -iquote -Xcc /Users/travisehrenstrom/Library/Developer/Xcode/DerivedData/DeskRun-gyyutcvpwdjwimduwvxruztppgsz/Build/Intermediates.noindex/DeskRun.build/Debug/DeskRun.build/DeskRun-project-headers.hmap -Xcc -I/Users/travisehrenstrom/Library/Developer/Xcode/DerivedData/DeskRun-gyyutcvpwdjwimduwvxruztppgsz/Build/Products/Debug/include -Xcc -I/Users/travisehrenstrom/Library/Developer/Xcode/DerivedData/DeskRun-gyyutcvpwdjwimduwvxruztppgsz/Build/Intermediates.noindex/DeskRun.build/Debug/DeskRun.build/DerivedSources-normal/arm64 -Xcc -I/Users/travisehrenstrom/Library/Developer/Xcode/DerivedData/DeskRun-gyyutcvpwdjwimduwvxruztppgsz/Build/Intermediates.noindex/DeskRun.build/Debug/DeskRun.build/DerivedSources/arm64 -Xcc -I/Users/travisehrenstrom/Library/Developer/Xcode/DerivedData/DeskRun-gyyutcvpwdjwimduwvxruztppgsz/Build/Intermediates.noindex/DeskRun.build/Debug/DeskRun.build/DerivedSources -Xcc -DDEBUG\=1 -emit-objc-header -emit-objc-header-path /Users/travisehrenstrom/Library/Developer/Xcode/DerivedData/DeskRun-gyyutcvpwdjwimduwvxruztppgsz/Build/Intermediates.noindex/DeskRun.build/Debug/DeskRun.build/Objects-normal/arm64/DeskRun-Swift.h -working-directory /Users/travisehrenstrom/Developer/DeskRun -experimental-emit-module-separately -disable-cmo

Ld /Users/travisehrenstrom/Library/Developer/Xcode/DerivedData/DeskRun-gyyutcvpwdjwimduwvxruztppgsz/Build/Products/Debug/DeskRun.app/Contents/MacOS/DeskRun.debug.dylib normal (in target 'DeskRun' from project 'DeskRun')
    cd /Users/travisehrenstrom/Developer/DeskRun
    /Applications/Xcode.app/Contents/Developer/Toolchains/XcodeDefault.xctoolchain/usr/bin/clang -Xlinker -reproducible -target arm64-apple-macos14.0 -dynamiclib -isysroot /Applications/Xcode.app/Contents/Developer/Platforms/MacOSX.platform/Developer/SDKs/MacOSX26.4.sdk -O0 -L/Users/travisehrenstrom/Library/Developer/Xcode/DerivedData/DeskRun-gyyutcvpwdjwimduwvxruztppgsz/Build/Intermediates.noindex/EagerLinkingTBDs/Debug -L/Users/travisehrenstrom/Library/Developer/Xcode/DerivedData/DeskRun-gyyutcvpwdjwimduwvxruztppgsz/Build/Products/Debug -F/Users/travisehrenstrom/Library/Developer/Xcode/DerivedData/DeskRun-gyyutcvpwdjwimduwvxruztppgsz/Build/Intermediates.noindex/EagerLinkingTBDs/Debug -F/Users/travisehrenstrom/Library/Developer/Xcode/DerivedData/DeskRun-gyyutcvpwdjwimduwvxruztppgsz/Build/Products/Debug -filelist /Users/travisehrenstrom/Library/Developer/Xcode/DerivedData/DeskRun-gyyutcvpwdjwimduwvxruztppgsz/Build/Intermediates.noindex/DeskRun.build/Debug/DeskRun.build/Objects-normal/arm64/DeskRun.LinkFileList -install_name @rpath/DeskRun.debug.dylib -Xlinker -rpath -Xlinker /usr/lib/swift -Xlinker -rpath -Xlinker @executable_path/../Frameworks -Xlinker -object_path_lto -Xlinker /Users/travisehrenstrom/Library/Developer/Xcode/DerivedData/DeskRun-gyyutcvpwdjwimduwvxruztppgsz/Build/Intermediates.noindex/DeskRun.build/Debug/DeskRun.build/Objects-normal/arm64/DeskRun_lto.o -rdynamic -Xlinker -no_deduplicate -Xlinker -dependency_info -Xlinker /Users/travisehrenstrom/Library/Developer/Xcode/DerivedData/DeskRun-gyyutcvpwdjwimduwvxruztppgsz/Build/Intermediates.noindex/DeskRun.build/Debug/DeskRun.build/Objects-normal/arm64/DeskRun_dependency_info.dat -fobjc-link-runtime -L/Applications/Xcode.app/Contents/Developer/Toolchains/XcodeDefault.xctoolchain/usr/lib/swift/macosx -L/usr/lib/swift -Xlinker -add_ast_path -Xlinker /Users/travisehrenstrom/Library/Developer/Xcode/DerivedData/DeskRun-gyyutcvpwdjwimduwvxruztppgsz/Build/Intermediates.noindex/DeskRun.build/Debug/DeskRun.build/Objects-normal/arm64/DeskRun.swiftmodule @/Users/travisehrenstrom/Library/Developer/Xcode/DerivedData/DeskRun-gyyutcvpwdjwimduwvxruztppgsz/Build/Intermediates.noindex/DeskRun.build/Debug/DeskRun.build/Objects-normal/arm64/DeskRun-linker-args.resp -Xlinker -alias -Xlinker _main -Xlinker ___debug_main_executable_dylib_entry_point -Xlinker -no_adhoc_codesign -o /Users/travisehrenstrom/Library/Developer/Xcode/DerivedData/DeskRun-gyyutcvpwdjwimduwvxruztppgsz/Build/Products/Debug/DeskRun.app/Contents/MacOS/DeskRun.debug.dylib

ConstructStubExecutorLinkFileList /Users/travisehrenstrom/Library/Developer/Xcode/DerivedData/DeskRun-gyyutcvpwdjwimduwvxruztppgsz/Build/Intermediates.noindex/DeskRun.build/Debug/DeskRun.build/DeskRun-ExecutorLinkFileList-normal-arm64.txt (in target 'DeskRun' from project 'DeskRun')
    cd /Users/travisehrenstrom/Developer/DeskRun
    construct-stub-executor-link-file-list /Users/travisehrenstrom/Library/Developer/Xcode/DerivedData/DeskRun-gyyutcvpwdjwimduwvxruztppgsz/Build/Products/Debug/DeskRun.app/Contents/MacOS/DeskRun.debug.dylib /Applications/Xcode.app/Contents/Developer/Platforms/MacOSX.platform/Developer/usr/lib/libPreviewsJITStubExecutor_no_swift_entry_point.a /Applications/Xcode.app/Contents/Developer/Platforms/MacOSX.platform/Developer/usr/lib/libPreviewsJITStubExecutor.a --output /Users/travisehrenstrom/Library/Developer/Xcode/DerivedData/DeskRun-gyyutcvpwdjwimduwvxruztppgsz/Build/Intermediates.noindex/DeskRun.build/Debug/DeskRun.build/DeskRun-ExecutorLinkFileList-normal-arm64.txt
note: Using stub executor library with Swift entry point. (in target 'DeskRun' from project 'DeskRun')

Ld /Users/travisehrenstrom/Library/Developer/Xcode/DerivedData/DeskRun-gyyutcvpwdjwimduwvxruztppgsz/Build/Products/Debug/DeskRun.app/Contents/MacOS/DeskRun normal (in target 'DeskRun' from project 'DeskRun')
    cd /Users/travisehrenstrom/Developer/DeskRun
    /Applications/Xcode.app/Contents/Developer/Toolchains/XcodeDefault.xctoolchain/usr/bin/clang -Xlinker -reproducible -target arm64-apple-macos14.0 -isysroot /Applications/Xcode.app/Contents/Developer/Platforms/MacOSX.platform/Developer/SDKs/MacOSX26.4.sdk -O0 -L/Users/travisehrenstrom/Library/Developer/Xcode/DerivedData/DeskRun-gyyutcvpwdjwimduwvxruztppgsz/Build/Products/Debug -F/Users/travisehrenstrom/Library/Developer/Xcode/DerivedData/DeskRun-gyyutcvpwdjwimduwvxruztppgsz/Build/Products/Debug -Xlinker -rpath -Xlinker @executable_path -Xlinker -rpath -Xlinker @executable_path/../Frameworks -rdynamic -Xlinker -no_deduplicate -e ___debug_blank_executor_main -Xlinker -sectcreate -Xlinker __TEXT -Xlinker __debug_dylib -Xlinker /Users/travisehrenstrom/Library/Developer/Xcode/DerivedData/DeskRun-gyyutcvpwdjwimduwvxruztppgsz/Build/Intermediates.noindex/DeskRun.build/Debug/DeskRun.build/DeskRun-DebugDylibPath-normal-arm64.txt -Xlinker -sectcreate -Xlinker __TEXT -Xlinker __debug_instlnm -Xlinker /Users/travisehrenstrom/Library/Developer/Xcode/DerivedData/DeskRun-gyyutcvpwdjwimduwvxruztppgsz/Build/Intermediates.noindex/DeskRun.build/Debug/DeskRun.build/DeskRun-DebugDylibInstallName-normal-arm64.txt -Xlinker -filelist -Xlinker /Users/travisehrenstrom/Library/Developer/Xcode/DerivedData/DeskRun-gyyutcvpwdjwimduwvxruztppgsz/Build/Intermediates.noindex/DeskRun.build/Debug/DeskRun.build/DeskRun-ExecutorLinkFileList-normal-arm64.txt /Users/travisehrenstrom/Library/Developer/Xcode/DerivedData/DeskRun-gyyutcvpwdjwimduwvxruztppgsz/Build/Products/Debug/DeskRun.app/Contents/MacOS/DeskRun.debug.dylib -Xlinker -no_adhoc_codesign -o /Users/travisehrenstrom/Library/Developer/Xcode/DerivedData/DeskRun-gyyutcvpwdjwimduwvxruztppgsz/Build/Products/Debug/DeskRun.app/Contents/MacOS/DeskRun

ExtractAppIntentsMetadata (in target 'DeskRun' from project 'DeskRun')
    cd /Users/travisehrenstrom/Developer/DeskRun
    /Applications/Xcode.app/Contents/Developer/Toolchains/XcodeDefault.xctoolchain/usr/bin/appintentsmetadataprocessor --toolchain-dir /Applications/Xcode.app/Contents/Developer/Toolchains/XcodeDefault.xctoolchain --module-name DeskRun --sdk-root /Applications/Xcode.app/Contents/Developer/Platforms/MacOSX.platform/Developer/SDKs/MacOSX26.4.sdk --xcode-version 17E202 --platform-family macOS --deployment-target 14.0 --bundle-identifier com.deskrun.app --output /Users/travisehrenstrom/Library/Developer/Xcode/DerivedData/DeskRun-gyyutcvpwdjwimduwvxruztppgsz/Build/Products/Debug/DeskRun.app/Contents/Resources --target-triple arm64-apple-macos14.0 --binary-file /Users/travisehrenstrom/Library/Developer/Xcode/DerivedData/DeskRun-gyyutcvpwdjwimduwvxruztppgsz/Build/Products/Debug/DeskRun.app/Contents/MacOS/DeskRun --dependency-file /Users/travisehrenstrom/Library/Developer/Xcode/DerivedData/DeskRun-gyyutcvpwdjwimduwvxruztppgsz/Build/Intermediates.noindex/DeskRun.build/Debug/DeskRun.build/Objects-normal/arm64/DeskRun_dependency_info.dat --stringsdata-file /Users/travisehrenstrom/Library/Developer/Xcode/DerivedData/DeskRun-gyyutcvpwdjwimduwvxruztppgsz/Build/Intermediates.noindex/DeskRun.build/Debug/DeskRun.build/Objects-normal/arm64/ExtractedAppShortcutsMetadata.stringsdata --source-file-list /Users/travisehrenstrom/Library/Developer/Xcode/DerivedData/DeskRun-gyyutcvpwdjwimduwvxruztppgsz/Build/Intermediates.noindex/DeskRun.build/Debug/DeskRun.build/Objects-normal/arm64/DeskRun.SwiftFileList --metadata-file-list /Users/travisehrenstrom/Library/Developer/Xcode/DerivedData/DeskRun-gyyutcvpwdjwimduwvxruztppgsz/Build/Intermediates.noindex/DeskRun.build/Debug/DeskRun.build/DeskRun.DependencyMetadataFileList --static-metadata-file-list /Users/travisehrenstrom/Library/Developer/Xcode/DerivedData/DeskRun-gyyutcvpwdjwimduwvxruztppgsz/Build/Intermediates.noindex/DeskRun.build/Debug/DeskRun.build/DeskRun.DependencyStaticMetadataFileList --swift-const-vals-list /Users/travisehrenstrom/Library/Developer/Xcode/DerivedData/DeskRun-gyyutcvpwdjwimduwvxruztppgsz/Build/Intermediates.noindex/DeskRun.build/Debug/DeskRun.build/Objects-normal/arm64/DeskRun.SwiftConstValuesFileList --compile-time-extraction --deployment-aware-processing --validate-assistant-intents --no-app-shortcuts-localization
2026-04-20 21:21:20.579 appintentsmetadataprocessor[12204:294035] Starting appintentsmetadataprocessor export
2026-04-20 21:21:20.582 appintentsmetadataprocessor[12204:294035] warning: Metadata extraction skipped. No AppIntents.framework dependency found.

CopySwiftLibs /Users/travisehrenstrom/Library/Developer/Xcode/DerivedData/DeskRun-gyyutcvpwdjwimduwvxruztppgsz/Build/Products/Debug/DeskRun.app (in target 'DeskRun' from project 'DeskRun')
    cd /Users/travisehrenstrom/Developer/DeskRun
    builtin-swiftStdLibTool --copy --verbose --sign - --scan-executable /Users/travisehrenstrom/Library/Developer/Xcode/DerivedData/DeskRun-gyyutcvpwdjwimduwvxruztppgsz/Build/Products/Debug/DeskRun.app/Contents/MacOS/DeskRun.debug.dylib --scan-folder /Users/travisehrenstrom/Library/Developer/Xcode/DerivedData/DeskRun-gyyutcvpwdjwimduwvxruztppgsz/Build/Products/Debug/DeskRun.app/Contents/Frameworks --scan-folder /Users/travisehrenstrom/Library/Developer/Xcode/DerivedData/DeskRun-gyyutcvpwdjwimduwvxruztppgsz/Build/Products/Debug/DeskRun.app/Contents/PlugIns --scan-folder /Users/travisehrenstrom/Library/Developer/Xcode/DerivedData/DeskRun-gyyutcvpwdjwimduwvxruztppgsz/Build/Products/Debug/DeskRun.app/Contents/Library/SystemExtensions --scan-folder /Users/travisehrenstrom/Library/Developer/Xcode/DerivedData/DeskRun-gyyutcvpwdjwimduwvxruztppgsz/Build/Products/Debug/DeskRun.app/Contents/Extensions --platform macosx --toolchain /Applications/Xcode.app/Contents/Developer/Toolchains/XcodeDefault.xctoolchain --destination /Users/travisehrenstrom/Library/Developer/Xcode/DerivedData/DeskRun-gyyutcvpwdjwimduwvxruztppgsz/Build/Products/Debug/DeskRun.app/Contents/Frameworks --strip-bitcode --strip-bitcode-tool /Applications/Xcode.app/Contents/Developer/Toolchains/XcodeDefault.xctoolchain/usr/bin/bitcode_strip --emit-dependency-info /Users/travisehrenstrom/Library/Developer/Xcode/DerivedData/DeskRun-gyyutcvpwdjwimduwvxruztppgsz/Build/Intermediates.noindex/DeskRun.build/Debug/DeskRun.build/SwiftStdLibToolInputDependencies.dep --filter-for-swift-os --back-deploy-swift-span

ProcessInfoPlistFile /Users/travisehrenstrom/Library/Developer/Xcode/DerivedData/DeskRun-gyyutcvpwdjwimduwvxruztppgsz/Build/Products/Debug/DeskRun.app/Contents/Info.plist /Users/travisehrenstrom/Developer/DeskRun/DeskRun/Info.plist (in target 'DeskRun' from project 'DeskRun')
    cd /Users/travisehrenstrom/Developer/DeskRun
    builtin-infoPlistUtility /Users/travisehrenstrom/Developer/DeskRun/DeskRun/Info.plist -producttype com.apple.product-type.application -genpkginfo /Users/travisehrenstrom/Library/Developer/Xcode/DerivedData/DeskRun-gyyutcvpwdjwimduwvxruztppgsz/Build/Products/Debug/DeskRun.app/Contents/PkgInfo -expandbuildsettings -platform macosx -additionalcontentfile /Users/travisehrenstrom/Library/Developer/Xcode/DerivedData/DeskRun-gyyutcvpwdjwimduwvxruztppgsz/Build/Intermediates.noindex/DeskRun.build/Debug/DeskRun.build/assetcatalog_generated_info.plist -o /Users/travisehrenstrom/Library/Developer/Xcode/DerivedData/DeskRun-gyyutcvpwdjwimduwvxruztppgsz/Build/Products/Debug/DeskRun.app/Contents/Info.plist

CodeSign /Users/travisehrenstrom/Library/Developer/Xcode/DerivedData/DeskRun-gyyutcvpwdjwimduwvxruztppgsz/Build/Products/Debug/DeskRun.app/Contents/MacOS/DeskRun.debug.dylib (in target 'DeskRun' from project 'DeskRun')
    cd /Users/travisehrenstrom/Developer/DeskRun
    
    Signing Identity:     "Sign to Run Locally"
    
    /usr/bin/codesign --force --sign - --timestamp\=none --generate-entitlement-der /Users/travisehrenstrom/Library/Developer/Xcode/DerivedData/DeskRun-gyyutcvpwdjwimduwvxruztppgsz/Build/Products/Debug/DeskRun.app/Contents/MacOS/DeskRun.debug.dylib

CodeSign /Users/travisehrenstrom/Library/Developer/Xcode/DerivedData/DeskRun-gyyutcvpwdjwimduwvxruztppgsz/Build/Products/Debug/DeskRun.app/Contents/MacOS/__preview.dylib (in target 'DeskRun' from project 'DeskRun')
    cd /Users/travisehrenstrom/Developer/DeskRun
    
    Signing Identity:     "Sign to Run Locally"
    
    /usr/bin/codesign --force --sign - --timestamp\=none --generate-entitlement-der /Users/travisehrenstrom/Library/Developer/Xcode/DerivedData/DeskRun-gyyutcvpwdjwimduwvxruztppgsz/Build/Products/Debug/DeskRun.app/Contents/MacOS/__preview.dylib

CodeSign /Users/travisehrenstrom/Library/Developer/Xcode/DerivedData/DeskRun-gyyutcvpwdjwimduwvxruztppgsz/Build/Products/Debug/DeskRun.app (in target 'DeskRun' from project 'DeskRun')
    cd /Users/travisehrenstrom/Developer/DeskRun
    
    Signing Identity:     "Sign to Run Locally"
    
    /usr/bin/codesign --force --sign - --entitlements /Users/travisehrenstrom/Library/Developer/Xcode/DerivedData/DeskRun-gyyutcvpwdjwimduwvxruztppgsz/Build/Intermediates.noindex/DeskRun.build/Debug/DeskRun.build/DeskRun.app.xcent --timestamp\=none --generate-entitlement-der /Users/travisehrenstrom/Library/Developer/Xcode/DerivedData/DeskRun-gyyutcvpwdjwimduwvxruztppgsz/Build/Products/Debug/DeskRun.app

Validate /Users/travisehrenstrom/Library/Developer/Xcode/DerivedData/DeskRun-gyyutcvpwdjwimduwvxruztppgsz/Build/Products/Debug/DeskRun.app (in target 'DeskRun' from project 'DeskRun')
    cd /Users/travisehrenstrom/Developer/DeskRun
    builtin-validationUtility /Users/travisehrenstrom/Library/Developer/Xcode/DerivedData/DeskRun-gyyutcvpwdjwimduwvxruztppgsz/Build/Products/Debug/DeskRun.app -no-validate-extension -infoplist-subpath Contents/Info.plist

RegisterWithLaunchServices /Users/travisehrenstrom/Library/Developer/Xcode/DerivedData/DeskRun-gyyutcvpwdjwimduwvxruztppgsz/Build/Products/Debug/DeskRun.app (in target 'DeskRun' from project 'DeskRun')
    cd /Users/travisehrenstrom/Developer/DeskRun
    /System/Library/Frameworks/CoreServices.framework/Versions/Current/Frameworks/LaunchServices.framework/Versions/Current/Support/lsregister -f -R -trusted /Users/travisehrenstrom/Library/Developer/Xcode/DerivedData/DeskRun-gyyutcvpwdjwimduwvxruztppgsz/Build/Products/Debug/DeskRun.app

** BUILD SUCCEEDED **

